*** Aborted at 1770027810 (Unix time, try 'date -d @1770027810') ***
*** Signal 6 (SIGABRT) (0x15ae8f) received by PID 1420943 (pthread TID 0x7f8db5912100) (linux TID 1420943) (maybe from PID 1420943, UID 0) (code: -6), stack trace: ***
bin/nebula-metad(_ZN5folly10symbolizer17getStackTraceSafeEPmm+0x31)[0x51d52c1]
bin/nebula-metad(_ZN5folly10symbolizer21SafeStackTracePrinter15printStackTraceEb+0x26)[0x51cc7c6]
bin/nebula-metad[0x51ca757]
/lib64/libpthread.so.0(+0xf62f)[0x7f8db4dcf62f]
/lib64/libc.so.6(gsignal+0x37)[0x7f8db4a28387]
/lib64/libc.so.6(abort+0x147)[0x7f8db4a29a77]
bin/nebula-metad[0x31efa40]
bin/nebula-metad[0x51fd974]
bin/nebula-metad(_ZN6nebula7kvstore11NebulaStore4stopEv+0x85)[0x4664f61]
bin/nebula-metad(_ZN6nebula7kvstore11NebulaStoreD1Ev+0x33)[0x4660d41]
bin/nebula-metad(_ZN6nebula7kvstore11NebulaStoreD0Ev+0x17)[0x4661019]
bin/nebula-metad(_ZNKSt14default_deleteIN6nebula7kvstore7KVStoreEEclEPS2_+0x24)[0x3239c1a]
bin/nebula-metad(_ZNSt10unique_ptrIN6nebula7kvstore7KVStoreESt14default_deleteIS2_EED1Ev+0x53)[0x3233899]
/lib64/libc.so.6(+0x39ce8)[0x7f8db4a2bce8]
/lib64/libc.so.6(exit+0x16)[0x7f8db4a2bd36]
/lib64/libc.so.6(__libc_start_main+0xfb)[0x7f8db4a1455b]
bin/nebula-metad[0x3222f2d]
bin/nebula-metad(_ZN5folly10symbolizer17getStackTraceSafeEPmm+0x31)[0x51d52c1]
bin/nebula-metad(_ZN5folly10symbolizer21SafeStackTracePrinter15printStackTraceEb+0x26)[0x51cc7c6]
bin/nebula-metad[0x51cb23c]
/lib64/libpthread.so.0(+0xf62f)[0x7f8db4dcf62f]
/lib64/libc.so.6(gsignal+0x37)[0x7f8db4a28387]
/lib64/libc.so.6(abort+0x147)[0x7f8db4a29a77]
bin/nebula-metad[0x31f057e]
bin/nebula-metad[0x51c2a56]
/lib64/libpthread.so.0(+0x620a)[0x7f8db4dc620a]
bin/nebula-metad(_ZN5folly27tryGetCurrentAsyncStackRootEv+0x63)[0x51c2b23]
bin/nebula-metad(_ZN5folly10symbolizer22getAsyncStackTraceSafeEPmm+0x14)[0x51d5544]
bin/nebula-metad(_ZN5folly10symbolizer21SafeStackTracePrinter15printStackTraceEb+0x88)[0x51cc828]
bin/nebula-metad[0x51ca757]
/lib64/libpthread.so.0(+0xf62f)[0x7f8db4dcf62f]
/lib64/libc.so.6(gsignal+0x37)[0x7f8db4a28387]
/lib64/libc.so.6(abort+0x147)[0x7f8db4a29a77]
bin/nebula-metad[0x31efa40]
bin/nebula-metad[0x51fd974]
bin/nebula-metad(_ZN6nebula7kvstore11NebulaStore4stopEv+0x85)[0x4664f61]
bin/nebula-metad(_ZN6nebula7kvstore11NebulaStoreD1Ev+0x33)[0x4660d41]
bin/nebula-metad(_ZN6nebula7kvstore11NebulaStoreD0Ev+0x17)[0x4661019]
bin/nebula-metad(_ZNKSt14default_deleteIN6nebula7kvstore7KVStoreEEclEPS2_+0x24)[0x3239c1a]
bin/nebula-metad(_ZNSt10unique_ptrIN6nebula7kvstore7KVStoreESt14default_deleteIS2_EED1Ev+0x53)[0x3233899]
/lib64/libc.so.6(+0x39ce8)[0x7f8db4a2bce8]
/lib64/libc.so.6(exit+0x16)[0x7f8db4a2bd36]
/lib64/libc.so.6(__libc_start_main+0xfb)[0x7f8db4a1455b]
bin/nebula-metad[0x3222f2d]
(safe mode, symbolizer not available)
Entered fatal signal handler recursively. We're in trouble.
(safe mode, symbolizer not available)
